
> readmore@0.1.0 build
> next build

 ⚠ Specified "headers" will not automatically work with "output: export". See more info here: https://nextjs.org/docs/messages/export-no-custom-routes
 ⚠ Specified "headers" will not automatically work with "output: export". See more info here: https://nextjs.org/docs/messages/export-no-custom-routes
   ▲ Next.js 15.3.3
   - Environments: .env.local

   Creating an optimized production build ...
> [PWA] Compile server
> [PWA] Compile server
> [PWA] Compile client (static)
> [PWA] Auto register service worker with: D:\Users\STRIX III\ReadMore\apps\readmore\node_modules\next-pwa\register.js
> [PWA] Service worker: D:\Users\STRIX III\ReadMore\apps\readmore\public\sw.js
> [PWA]   url: /sw.js
> [PWA]   scope: /
 ✓ Compiled successfully in 15.0s
   Skipping validation of types
   Skipping linting
   Collecting page data ...
   Generating static pages (0/39) ...
[TypeError: Cannot read properties of null (reading 'useContext')]
Error occurred prerendering page "/500". Read more: https://nextjs.org/docs/messages/prerender-error
TypeError: Cannot read properties of null (reading 'useContext')
    at exports.useContext (D:\Users\STRIX III\ReadMore\node_modules\react\cjs\react.production.js:489:33)
    at StyleRegistry (D:\Users\STRIX III\ReadMore\node_modules\styled-jsx\dist\index\index.js:450:30)
    at Wc (D:\Users\STRIX III\ReadMore\apps\readmore\node_modules\react-dom\cjs\react-dom-server.browser.production.min.js:68:44)
    at Zc (D:\Users\STRIX III\ReadMore\apps\readmore\node_modules\react-dom\cjs\react-dom-server.browser.production.min.js:70:253)
    at Z (D:\Users\STRIX III\ReadMore\apps\readmore\node_modules\react-dom\cjs\react-dom-server.browser.production.min.js:76:89)
    at Zc (D:\Users\STRIX III\ReadMore\apps\readmore\node_modules\react-dom\cjs\react-dom-server.browser.production.min.js:74:209)
    at Z (D:\Users\STRIX III\ReadMore\apps\readmore\node_modules\react-dom\cjs\react-dom-server.browser.production.min.js:76:89)
    at Zc (D:\Users\STRIX III\ReadMore\apps\readmore\node_modules\react-dom\cjs\react-dom-server.browser.production.min.js:74:209)
    at Z (D:\Users\STRIX III\ReadMore\apps\readmore\node_modules\react-dom\cjs\react-dom-server.browser.production.min.js:76:89)
    at Zc (D:\Users\STRIX III\ReadMore\apps\readmore\node_modules\react-dom\cjs\react-dom-server.browser.production.min.js:74:209)
Export encountered an error on /_error: /500, exiting the build.
 ⨯ Next.js build worker exited with code: 1 and signal: null
npm error Lifecycle script `build` failed with error:
npm error code 1
npm error path D:\Users\STRIX III\ReadMore\apps\readmore
npm error workspace readmore@0.1.0
npm error location D:\Users\STRIX III\ReadMore\apps\readmore
npm error command failed
npm error command C:\WINDOWS\system32\cmd.exe /d /s /c next build
