
> compendia@0.1.0 build
> next build

   ▲ Next.js 15.3.3

   Creating an optimized production build ...
Failed to compile.

./src/app/blog/page.tsx
Module not found: Can't resolve '@/components/common/Header'

https://nextjs.org/docs/messages/module-not-found

./src/app/blog/page.tsx
Module not found: Can't resolve '@repo/ui/components/ui/badge'

https://nextjs.org/docs/messages/module-not-found

./src/app/blog/page.tsx
Module not found: Can't resolve '@repo/ui/components/ui/line-shadow-text'

https://nextjs.org/docs/messages/module-not-found

./src/app/blog/page.tsx
Module not found: Can't resolve '@repo/ui/components/ui/skeleton'

https://nextjs.org/docs/messages/module-not-found

./src/app/client-layout.tsx
Module not found: Can't resolve '@repo/ui/components/ui/toaster'

https://nextjs.org/docs/messages/module-not-found


> Build failed because of webpack errors
npm error Lifecycle script `build` failed with error:
npm error code 1
npm error path D:\Users\STRIX III\ReadMore\apps\compendia
npm error workspace compendia@0.1.0
npm error location D:\Users\STRIX III\ReadMore\apps\compendia
npm error command failed
npm error command C:\WINDOWS\system32\cmd.exe /d /s /c next build
